"pointsto_print"
     : string
1 goal
  
  Σ : gFunctors
  heapGS0 : heapGS Σ
  sem : go.Semantics
  l1, l2 : loc
  v1 : bool
  v2 : slice.t
  dq : dfrac
  ============================
  l1 ↦ v1 ∗ l2 ↦{dq} v2 ∗ l1 ↦□ v1 ⊢ True
"tuple print"
     : string
1 goal
  
  Σ : gFunctors
  heapGS0 : heapGS Σ
  sem : go.Semantics
  l : loc
  ============================
  {{{ True }}} λ: <>, # () {{{ RET (# true, # true); True }}}
