The command has indeed failed with message:
y is already used.
The command has indeed failed with message:
Tactic failure: iIntro: "y" not fresh.
goal 1 is:
  
  Σ : gFunctors
  heapGS0 : heapGS Σ
  sem : go.Semantics
  package_sem : unittest.Assumptions
  x : w64
  y : w32
  Φ : val → iPropI Σ
  ============================
  _ : is_pkg_init unittest
  --------------------------------------□
  "HΦ" : ∀ (a : w64) (b : w32),
           ⌜uint.Z a = (uint.Z y + 1)%Z⌝ ∗
           ⌜uint.Z b = (uint.Z y + 3) `mod` 2 ^ 32⌝ -∗ 
           Φ (# a, # b)%V
  --------------------------------------∗
  WP exception_do
       (let: "y" := GoAlloc go.uint32 (# y) in
        let: "x" := GoAlloc go.uint64 (# x) in
        let: "z" := GoAlloc go.uint64 (GoZeroVal go.uint64 (# ()%V)) in
        let: "$r0" := Convert go.uint32 go.uint64 ![go.uint32] "y" in
        (do: "z" <-[go.uint64] "$r0") ;;;
        let: "$r0" := ![go.uint64] "z" +⟨go.uint64⟩ # (W64 1) in
        (do: "z" <-[go.uint64] "$r0") ;;;
        let: "y2" := GoAlloc go.uint32 (GoZeroVal go.uint32 (# ()%V)) in
        let: "$r0" := ![go.uint32] "y" +⟨go.uint32⟩ # (W32 3) in
        (do: "y2" <-[go.uint32] "$r0") ;;;
        return: (![go.uint64] "z", ![go.uint32] "y2"))
  {{ v, Φ v }}
goal 1 is:
  
  Σ : gFunctors
  heapGS0 : heapGS Σ
  sem : go.Semantics
  package_sem : unittest.Assumptions
  Φ : val → iPropI Σ
  ============================
  _ : is_pkg_init unittest
  --------------------------------------□
  "HΦ" : True -∗ Φ (# ()%V)
  --------------------------------------∗
  Φ (# ()%V)
The command has indeed failed with message:
Uncaught Ltac2 exception:
Init.Tactic_failure
(Init.Some
  message:(wp_load: could not find a points-to in context covering the address))
The command has indeed failed with message:
Uncaught Ltac2 exception:
Init.Tactic_failure (Init.Some message:(wp_load: could not find load_ty))
The command has indeed failed with message:
Uncaught Ltac2 exception:
Init.Tactic_failure
(Init.Some
  message:(wp_store: could not find a points-to in context covering the address))
The command has indeed failed with message:
Uncaught Ltac2 exception:
Init.Tactic_failure
(Init.Some
  message:(wp_store: could not find a points-to in context covering the address))
The command has indeed failed with message:
Uncaught Ltac2 exception:
Init.Tactic_failure (Init.Some message:(wp_store: could not find store_ty))
The command has indeed failed with message:
Uncaught Ltac2 exception:
Init.Tactic_failure (Init.Some message:(wp_bind_next: not a WP goal))
